[03-Nov-2025 10:09:59 America/New_York] Database connected successfully
[03-Nov-2025 10:09:59 America/New_York] Missing PHPMailer file: ../includes/phpmailer/src/Exception.php
[03-Nov-2025 10:21:24 America/New_York] Database connected successfully
[03-Nov-2025 10:21:24 America/New_York] Missing PHPMailer file: ../includes/phpmailer/src/Exception.php
[03-Nov-2025 20:50:03 America/New_York] Database connected successfully
[03-Nov-2025 20:50:03 America/New_York] Missing PHPMailer file: ../includes/phpmailer/src/Exception.php
[03-Nov-2025 21:21:12 America/New_York] Database connected successfully
[03-Nov-2025 21:21:12 America/New_York] Missing PHPMailer file: ../includes/phpmailer/src/Exception.php
[03-Nov-2025 21:21:14 America/New_York] Database connected successfully
[03-Nov-2025 21:21:14 America/New_York] Missing PHPMailer file: ../includes/phpmailer/src/Exception.php
[03-Nov-2025 21:21:20 America/New_York] Database connected successfully
[03-Nov-2025 21:21:20 America/New_York] Missing PHPMailer file: ../includes/phpmailer/src/Exception.php
[03-Nov-2025 21:25:19 America/New_York] Database connected successfully
[03-Nov-2025 21:25:19 America/New_York] Missing PHPMailer file: ../includes/phpmailer/src/Exception.php
[03-Nov-2025 21:25:24 America/New_York] Database connected successfully
[03-Nov-2025 21:25:24 America/New_York] Missing PHPMailer file: ../includes/phpmailer/src/Exception.php
[03-Nov-2025 21:25:26 America/New_York] Database connected successfully
[03-Nov-2025 21:25:26 America/New_York] Missing PHPMailer file: ../includes/phpmailer/src/Exception.php
[03-Nov-2025 21:25:44 America/New_York] Database connected successfully
[03-Nov-2025 21:25:44 America/New_York] Missing PHPMailer file: ../includes/phpmailer/src/Exception.php
[03-Nov-2025 21:27:10 America/New_York] Database connected successfully
[03-Nov-2025 21:27:10 America/New_York] Missing PHPMailer file: ../includes/phpmailer/src/Exception.php
[03-Nov-2025 21:27:17 America/New_York] Database connected successfully
[03-Nov-2025 21:27:17 America/New_York] Missing PHPMailer file: ../includes/phpmailer/src/Exception.php
[03-Nov-2025 21:27:24 America/New_York] Database connected successfully
[03-Nov-2025 21:27:24 America/New_York] Missing PHPMailer file: ../includes/phpmailer/src/Exception.php
[03-Nov-2025 21:27:25 America/New_York] Database connected successfully
[03-Nov-2025 21:27:25 America/New_York] Missing PHPMailer file: ../includes/phpmailer/src/Exception.php
[03-Nov-2025 21:29:55 America/New_York] Database connected successfully
[03-Nov-2025 21:29:55 America/New_York] Missing PHPMailer file: ../includes/PHPMailerr/src/SMTP.php
[03-Nov-2025 21:29:58 America/New_York] Database connected successfully
[03-Nov-2025 21:29:58 America/New_York] Missing PHPMailer file: ../includes/PHPMailerr/src/SMTP.php
[03-Nov-2025 21:29:59 America/New_York] Database connected successfully
[03-Nov-2025 21:29:59 America/New_York] Missing PHPMailer file: ../includes/PHPMailerr/src/SMTP.php
[03-Nov-2025 21:30:02 America/New_York] Database connected successfully
[03-Nov-2025 21:30:02 America/New_York] Missing PHPMailer file: ../includes/PHPMailerr/src/SMTP.php
[03-Nov-2025 21:30:03 America/New_York] Database connected successfully
[03-Nov-2025 21:30:03 America/New_York] Missing PHPMailer file: ../includes/PHPMailerr/src/SMTP.php
[03-Nov-2025 21:30:08 America/New_York] Database connected successfully
[03-Nov-2025 21:30:08 America/New_York] Missing PHPMailer file: ../includes/PHPMailerr/src/SMTP.php
[03-Nov-2025 21:30:14 America/New_York] Database connected successfully
[03-Nov-2025 21:30:14 America/New_York] Missing PHPMailer file: ../includes/PHPMailerr/src/SMTP.php
[03-Nov-2025 21:32:40 America/New_York] Database connected successfully
[03-Nov-2025 21:32:40 America/New_York] Missing PHPMailer file: phpmailer/src/Exception.php
[03-Nov-2025 21:32:43 America/New_York] Database connected successfully
[03-Nov-2025 21:32:43 America/New_York] Missing PHPMailer file: phpmailer/src/Exception.php
[03-Nov-2025 21:36:40 America/New_York] Database connected successfully
[03-Nov-2025 21:36:40 America/New_York] Missing PHPMailer file: phpmailer/src/Exception.php
[03-Nov-2025 21:37:29 America/New_York] Database connected successfully
[03-Nov-2025 21:38:30 America/New_York] Database connected successfully
[03-Nov-2025 21:38:56 America/New_York] Database connected successfully
[03-Nov-2025 21:39:01 America/New_York] Database connected successfully
[04-Nov-2025 02:39:01 UTC] Generated token length: 64
[04-Nov-2025 02:39:01 UTC] Token inserted successfully for email: daxera5287@fandoe.com
[04-Nov-2025 02:39:01 UTC] Reset link: https://muffeia.xo.je//auth/reset_password.php?token=b3f613cea537422c7fe33f95d76402da6e097508c2b57e3a9c1c596af1d7efcf
[04-Nov-2025 02:39:02 UTC] Password reset email sent successfully to: daxera5287@fandoe.com
[03-Nov-2025 21:45:00 America/New_York] Database connected successfully
[04-Nov-2025 20:51:47 America/New_York] Database connected successfully
[07-Nov-2025 22:28:34 America/New_York] Database connected successfully
[07-Nov-2025 22:28:54 America/New_York] Database connected successfully
[08-Nov-2025 03:28:54 UTC] Generated token length: 64
[08-Nov-2025 03:28:54 UTC] Token inserted successfully for email: daxera5287@fandoe.com
[08-Nov-2025 03:28:54 UTC] Reset link: https://muffeia.xo.je//auth/reset_password.php?token=1a3c521c03109edd85b7c028651028944224c52667b138ab447c250a76005e3b
[08-Nov-2025 03:28:54 UTC] Email sending failed: Invalid address:  (From): muff.muffeia.com
[07-Nov-2025 22:29:16 America/New_York] Database connected successfully
[08-Nov-2025 03:29:16 UTC] Generated token length: 64
[08-Nov-2025 03:29:16 UTC] Token inserted successfully for email: daxera5287@fandoe.com
[08-Nov-2025 03:29:16 UTC] Reset link: https://muffeia.xo.je//auth/reset_password.php?token=1af4277048e1339d1e109036f9bd82b68461a8261cb656c0ca077daf090fb31e
[08-Nov-2025 03:29:16 UTC] Email sending failed: Invalid address:  (From): muff.muffeia.com
[07-Nov-2025 22:29:17 America/New_York] Database connected successfully
[08-Nov-2025 03:29:17 UTC] Generated token length: 64
[08-Nov-2025 03:29:17 UTC] Token inserted successfully for email: daxera5287@fandoe.com
[08-Nov-2025 03:29:17 UTC] Reset link: https://muffeia.xo.je//auth/reset_password.php?token=12f523f569f23d40494b5577ef63225b408e714ef6fd35c77c91aaf5dce8647a
[08-Nov-2025 03:29:17 UTC] Email sending failed: Invalid address:  (From): muff.muffeia.com
[07-Nov-2025 22:29:19 America/New_York] Database connected successfully
[08-Nov-2025 03:29:19 UTC] Generated token length: 64
[08-Nov-2025 03:29:19 UTC] Token inserted successfully for email: daxera5287@fandoe.com
[08-Nov-2025 03:29:19 UTC] Reset link: https://muffeia.xo.je//auth/reset_password.php?token=6001e4fe09393fa236d08ae7f9525f3ac4c5170f0ec891a63663e4399caf8e06
[08-Nov-2025 03:29:19 UTC] Email sending failed: Invalid address:  (From): muff.muffeia.com
[07-Nov-2025 22:31:17 America/New_York] Database connected successfully
[07-Nov-2025 22:31:21 America/New_York] Database connected successfully
[08-Nov-2025 03:31:21 UTC] Generated token length: 64
[08-Nov-2025 03:31:21 UTC] Token inserted successfully for email: daxera5287@fandoe.com
[08-Nov-2025 03:31:21 UTC] Reset link: https://muffeia.xo.je//auth/reset_password.php?token=8c61c2894552cf56f03ce1c51917b026f83637f80412cca6d2cce4470524b024
[08-Nov-2025 03:31:21 UTC] Email sending failed: Invalid address:  (From): muff.muffeia.com
[07-Nov-2025 22:32:41 America/New_York] Database connected successfully
[08-Nov-2025 03:32:41 UTC] Generated token length: 64
[08-Nov-2025 03:32:41 UTC] Token inserted successfully for email: daxera5287@fandoe.com
[08-Nov-2025 03:32:41 UTC] Reset link: https://muffeia.xo.je//auth/reset_password.php?token=1756dc0037ea122f91afb96a92a64be7e28a5f43567edad9597d78c2e210bf01
[08-Nov-2025 03:32:41 UTC] Email sending failed: SMTP Error: Could not authenticate.
[07-Nov-2025 22:32:43 America/New_York] Database connected successfully
[08-Nov-2025 03:32:43 UTC] Generated token length: 64
[08-Nov-2025 03:32:43 UTC] Token inserted successfully for email: daxera5287@fandoe.com
[08-Nov-2025 03:32:43 UTC] Reset link: https://muffeia.xo.je//auth/reset_password.php?token=49f2ddae41011998e7e25fa2e79fc216753c902da8bd7ad904fae34a3b2f4c97
[08-Nov-2025 03:32:43 UTC] Email sending failed: SMTP Error: Could not authenticate.
[07-Nov-2025 22:32:46 America/New_York] Database connected successfully
[08-Nov-2025 03:32:46 UTC] Generated token length: 64
[08-Nov-2025 03:32:46 UTC] Token inserted successfully for email: daxera5287@fandoe.com
[08-Nov-2025 03:32:46 UTC] Reset link: https://muffeia.xo.je//auth/reset_password.php?token=d59d9103209590e6b8fd377e3f690cb39832bb55440a17a2eb159ed6a803beef
[08-Nov-2025 03:32:46 UTC] Email sending failed: SMTP Error: Could not authenticate.
[07-Nov-2025 22:33:34 America/New_York] Database connected successfully
[08-Nov-2025 03:33:34 UTC] Generated token length: 64
[08-Nov-2025 03:33:34 UTC] Token inserted successfully for email: daxera5287@fandoe.com
[08-Nov-2025 03:33:34 UTC] Reset link: https://muffeia.xo.je//auth/reset_password.php?token=3b6d96c436cd4a895e791db7487307e35c1312935f800bdf77a417a63f36734c
[08-Nov-2025 03:33:35 UTC] Password reset email sent successfully to: daxera5287@fandoe.com
[07-Nov-2025 23:39:51 America/New_York] Database connected successfully
[08-Nov-2025 04:39:51 UTC] Generated token length: 64
[08-Nov-2025 04:39:51 UTC] Token inserted successfully for email: daxera5287@fandoe.com
[08-Nov-2025 04:39:51 UTC] Reset link: https://muffeia.xo.je//auth/reset_password.php?token=ca153b7acb941301798da6d58f219028197ea66e9dca2a1ac33e29bb474954d7
[08-Nov-2025 04:39:53 UTC] Password reset email sent successfully to: daxera5287@fandoe.com
[08-Nov-2025 02:02:11 America/New_York] Database connected successfully
